2026/01/28 12:57:38 ☑️  Connected to MongoDB
[GIN-debug] [WARNING] Creating an Engine instance with the Logger and Recovery middleware already attached.

[GIN-debug] [WARNING] Running in "debug" mode. Switch to "release" mode in production.
 - using env:	export GIN_MODE=release
 - using code:	gin.SetMode(gin.ReleaseMode)

[GIN-debug] GET    /uploads/*filepath        --> github.com/gin-gonic/gin.(*RouterGroup).createStaticHandler.func1 (4 handlers)
[GIN-debug] HEAD   /uploads/*filepath        --> github.com/gin-gonic/gin.(*RouterGroup).createStaticHandler.func1 (4 handlers)
[GIN-debug] POST   /api/auth/signup          --> backend/internal/controllers.Signup (4 handlers)
[GIN-debug] POST   /api/auth/login           --> backend/internal/controllers.Login (4 handlers)
[GIN-debug] GET    /api/auth/logout          --> backend/internal/controllers.Logout (4 handlers)
[GIN-debug] GET    /api/auth/me              --> backend/internal/controllers.Me (5 handlers)
[GIN-debug] POST   /api/auth/reset-password  --> backend/internal/controllers.ResetPassword (4 handlers)
[GIN-debug] GET    /api/auth/google          --> backend/internal/controllers.GoogleLogin (4 handlers)
[GIN-debug] GET    /api/auth/google/callback --> backend/internal/controllers.GoogleCallback (4 handlers)
[GIN-debug] POST   /api/auth/google/one-tap  --> backend/internal/controllers.GoogleOneTap (4 handlers)
[GIN-debug] GET    /api/auth/github          --> backend/internal/controllers.GitHubLogin (4 handlers)
[GIN-debug] GET    /api/auth/github/callback --> backend/internal/controllers.GitHubCallback (4 handlers)
[GIN-debug] PUT    /api/profile/info         --> backend/internal/controllers.PersonalInfo (5 handlers)
2026/01/28 12:57:38 ☑️  Go server running on http://127.0.0.1:3000
[GIN-debug] [WARNING] You trusted all proxies, this is NOT safe. We recommend you to set a value.
Please check https://github.com/gin-gonic/gin/blob/master/docs/doc.md#dont-trust-all-proxies for details.
[GIN-debug] Listening and serving HTTP on :3000
[GIN] 2026/01/28 - 13:06:30 | 304 |     497.534µs |             ::1 | GET      "/uploads/profile-1769579929-1769579929275480463.jpg"
[GIN] 2026/01/28 - 13:06:30 | 200 |    1.464568ms |             ::1 | GET      "/api/auth/me"
[GIN] 2026/01/28 - 13:06:39 | 200 |    2.300265ms |             ::1 | GET      "/api/auth/me"
[GIN] 2026/01/28 - 13:06:42 | 200 |    1.184757ms |             ::1 | GET      "/api/auth/me"
[GIN] 2026/01/28 - 13:06:49 | 404 |      26.172µs |             ::1 | GET      "/api/services"
[GIN] 2026/01/28 - 13:07:01 | 200 |      43.229µs |             ::1 | GET      "/api/auth/logout"
[GIN] 2026/01/28 - 13:07:01 | 404 |      14.627µs |             ::1 | GET      "/api/services"
