2026/01/28 12:02:40 ☑️  Connected to MongoDB
[GIN-debug] [WARNING] Creating an Engine instance with the Logger and Recovery middleware already attached.

[GIN-debug] [WARNING] Running in "debug" mode. Switch to "release" mode in production.
 - using env:	export GIN_MODE=release
 - using code:	gin.SetMode(gin.ReleaseMode)

[GIN-debug] GET    /uploads/*filepath        --> github.com/gin-gonic/gin.(*RouterGroup).createStaticHandler.func1 (4 handlers)
[GIN-debug] HEAD   /uploads/*filepath        --> github.com/gin-gonic/gin.(*RouterGroup).createStaticHandler.func1 (4 handlers)
[GIN-debug] POST   /api/auth/signup          --> backend/internal/controllers.Signup (4 handlers)
[GIN-debug] POST   /api/auth/login           --> backend/internal/controllers.Login (4 handlers)
[GIN-debug] GET    /api/auth/logout          --> backend/internal/controllers.Logout (4 handlers)
[GIN-debug] GET    /api/auth/me              --> backend/internal/controllers.Me (5 handlers)
[GIN-debug] POST   /api/auth/reset-password  --> backend/internal/controllers.ResetPassword (4 handlers)
[GIN-debug] GET    /api/auth/google          --> backend/internal/controllers.GoogleLogin (4 handlers)
[GIN-debug] GET    /api/auth/google/callback --> backend/internal/controllers.GoogleCallback (4 handlers)
[GIN-debug] POST   /api/auth/google/onetap   --> backend/internal/controllers.GoogleOneTap (4 handlers)
[GIN-debug] PUT    /api/profile/info         --> backend/internal/controllers.PersonalInfo (5 handlers)
[GIN-debug] POST   /api/profile/profile-image --> backend/internal/controllers.UploadProfilePicture (5 handlers)
2026/01/28 12:02:40 ☑️  Go server running on http://127.0.0.1:3000
[GIN-debug] [WARNING] You trusted all proxies, this is NOT safe. We recommend you to set a value.
Please check https://github.com/gin-gonic/gin/blob/master/docs/doc.md#dont-trust-all-proxies for details.
[GIN-debug] Listening and serving HTTP on :3000
[GIN] 2026/01/28 - 12:02:42 | 404 |       1.338µs |             ::1 | GET      "/api/auth/github"
[GIN] 2026/01/28 - 12:02:46 | 401 |      80.946µs |             ::1 | GET      "/api/auth/me"
[GIN] 2026/01/28 - 12:02:47 | 404 |       1.571µs |             ::1 | GET      "/api/auth/github"
[GIN] 2026/01/28 - 12:02:48 | 401 |      22.133µs |             ::1 | GET      "/api/auth/me"
